≡ƒÜÇ Starting Gemini API Tests (Dec 2025 Models)
---------------------------------------------

≡ƒñû Testing Model: gemini-3.0-pro...
Γ¥î FAILED with gemini-3.0-pro
Error: [GoogleGenerativeAI Error]: Error fetching from https://generativelanguage.googleapis.com/v1beta/models/gemini-3.0-pro:generateContent: [404 Not Found] models/gemini-3.0-pro is not found for API version v1beta, or is not supported for generateContent. Call ListModels to see the list of available models and their supported methods.
